// Jest Snapshot v1, https://goo.gl/fbAQLP

exports[`ExecutionListSubHeader snapshot testing 1`] = `
<div>
  <div
    class="Layout--horizontal StyledProps--main PageSubHeader--container main StyledProps--flex"
  >
    <div
      class="lhs"
    >
      <button
        class="bp3-button Button--button StyledProps--font StyledProps--main runButton Button--with-current-color Button--iconOnly Button--variation Button--variation-primary"
        type="button"
      >
        <span
          class="bp3-button-text"
        >
          <span>
            runPipelineText
          </span>
        </span>
      </button>
      <label
        class="bp3-control bp3-checkbox StyledProps--font Checkbox--checkbox myDeploymentsCheckbox StyledProps--main StyledProps--font-size-small StyledProps--font-weight-semi-bold StyledProps--color StyledProps--color-grey800"
      >
        <input
          type="checkbox"
        />
        <span
          class="bp3-control-indicator"
        />
        pipeline.myDeploymentsText
      </label>
      <div
        class="bp3-popover-wrapper MultiSelectDropDown--main"
      >
        <div
          class="bp3-popover-target"
        >
          <div
            class="Layout--horizontal StyledProps--main MultiSelectDropDown--dropdownButton MultiSelectDropDown--withBorder MultiSelectDropDown--minWidth StyledProps--flex"
            data-testid="status-select"
            style="min-width: 130px;"
          >
            <div
              class="Layout--horizontal StyledProps--main MultiSelectDropDown--labelWrapper StyledProps--flex"
            >
              <p
                class="StyledProps--font Text--lineclamp StyledProps--main MultiSelectDropDown--label"
                data-testid="dropdown-value"
                style="--text-line-clamp: 1;"
              >
                status
              </p>
            </div>
            <span
              class="bp3-icon StyledProps--main StyledProps--color StyledProps--color-grey400"
              data-icon="main-chevron-down"
            >
              <svg
                height="8"
                viewBox="0 0 14 8"
                width="8"
                xmlns="http://www.w3.org/2000/svg"
              >
                <path
                  d="M13 0c-.3 0-.5.1-.7.3L7 5.6 1.7.3C1.5.1 1.3 0 1 0 .4 0 0 .4 0 1c0 .3.1.5.3.7l6 6c.2.2.4.3.7.3s.5-.1.7-.3l6-6c.2-.2.3-.4.3-.7 0-.6-.4-1-1-1z"
                  fill="#4d5969"
                />
              </svg>
            </span>
          </div>
        </div>
      </div>
      <div
        class="bp3-popover-wrapper DropDown--main"
      >
        <div
          class="bp3-popover-target"
        >
          <div
            class=""
          >
            <div
              class="Layout--horizontal StyledProps--main DropDown--dropdownButton DropDown--withBorder DropDown--minWidth StyledProps--flex"
              data-testid="pipeline-select"
              style="min-width: 130px;"
            >
              <div
                class="Layout--horizontal StyledProps--main DropDown--labelWrapper StyledProps--flex"
              >
                <p
                  class="StyledProps--font Text--lineclamp StyledProps--main DropDown--label"
                  data-testid="dropdown-value"
                  style="--text-line-clamp: 1;"
                >
                  pipelines
                </p>
              </div>
              <div
                class="Layout--horizontal StyledProps--main DropDown--btnWrapper StyledProps--flex"
              >
                <span
                  class="bp3-icon StyledProps--main StyledProps--color StyledProps--color-grey400"
                  data-icon="main-chevron-down"
                >
                  <svg
                    height="8"
                    viewBox="0 0 14 8"
                    width="8"
                    xmlns="http://www.w3.org/2000/svg"
                  >
                    <path
                      d="M13 0c-.3 0-.5.1-.7.3L7 5.6 1.7.3C1.5.1 1.3 0 1 0 .4 0 0 .4 0 1c0 .3.1.5.3.7l6 6c.2.2.4.3.7.3s.5-.1.7-.3l6-6c.2-.2.3-.4.3-.7 0-.6-.4-1-1-1z"
                      fill="#4d5969"
                    />
                  </svg>
                </span>
              </div>
            </div>
          </div>
        </div>
      </div>
    </div>
    <div
      class="rhs"
    >
      <div
        class="bp3-input-group ui-search-box ExpandingSearchInput--main expandSearch  ExpandingSearchInput--alwaysExpanded ExpandingSearchInput--light"
        data-name=""
        style="width: 200px; max-width: 200px;"
      >
        <span
          class="bp3-icon StyledProps--main ExpandingSearchInput--icon StyledProps--color StyledProps--color-grey700"
          data-icon="thinner-search"
        >
          <svg
            fill="none"
            height="14"
            viewBox="0 0 16 16"
            width="14"
            xmlns="http://www.w3.org/2000/svg"
          >
            <path
              d="M7.125 13.25c1.617 0 3.32-.695 4.375-1.75L15 15l-3.5-3.5c1.021-1.005 1.75-2.894 1.75-4.375a6.125 6.125 0 10-6.125 6.125z"
              stroke="currentColor"
              stroke-linecap="round"
              stroke-linejoin="round"
            />
          </svg>
        </span>
        <input
          class="bp3-input  ExpandingSearchInput--filter"
          dir="auto"
          placeholder="Search"
          style="padding-right: 38px;"
          type="search"
          value=""
        />
      </div>
      <div
        class="executionFilter"
      >
        <div
          class="bp3-popover-wrapper DropDown--main DropDown--disabled"
        >
          <div
            class="bp3-popover-target"
          >
            <div
              class=""
            >
              <div
                class="Layout--horizontal StyledProps--main DropDown--dropdownButton DropDown--withBorder DropDown--minWidth StyledProps--flex"
                data-testid="filter-select"
                style="min-width: 220px;"
              >
                <div
                  class="Layout--horizontal StyledProps--main DropDown--labelWrapper StyledProps--flex"
                >
                  <p
                    class="StyledProps--font Text--lineclamp StyledProps--main DropDown--label"
                    data-testid="dropdown-value"
                    style="--text-line-clamp: 1;"
                  >
                    common.filters.noFilterSaved
                  </p>
                </div>
                <div
                  class="Layout--horizontal StyledProps--main DropDown--btnWrapper StyledProps--flex"
                >
                  <span
                    class="bp3-icon StyledProps--main StyledProps--color StyledProps--color-grey400"
                    data-icon="main-chevron-down"
                  >
                    <svg
                      height="8"
                      viewBox="0 0 14 8"
                      width="8"
                      xmlns="http://www.w3.org/2000/svg"
                    >
                      <path
                        d="M13 0c-.3 0-.5.1-.7.3L7 5.6 1.7.3C1.5.1 1.3 0 1 0 .4 0 0 .4 0 1c0 .3.1.5.3.7l6 6c.2.2.4.3.7.3s.5-.1.7-.3l6-6c.2-.2.3-.4.3-.7 0-.6-.4-1-1-1z"
                        fill="#4d5969"
                      />
                    </svg>
                  </span>
                </div>
              </div>
            </div>
          </div>
        </div>
        <div
          class="filterButtonContainer"
        >
          <button
            class="bp3-button bp3-minimal Button--button StyledProps--font StyledProps--main ngFilter StyledProps--intent-primary Button--with-current-color Button--without-shadow Button--withLeftIcon"
            id="ngfilterbtn"
            type="button"
          >
            <span
              class="bp3-icon StyledProps--main"
              data-icon="ng-filter"
            >
              <svg
                height="22"
                viewBox="0 0 24 24"
                width="22"
                xmlns="http://www.w3.org/2000/svg"
              >
                <path
                  clip-rule="evenodd"
                  d="M16.5 8V7H19a.5.5 0 000-1h-2.5V5a.5.5 0 00-1 0v1H5a.5.5 0 000 1h10.5v1a.5.5 0 001 0zM5 11.5h3v-1a.5.5 0 011 0v1h10a.5.5 0 010 1H9v1a.5.5 0 01-1 0v-1H5a.5.5 0 010-1zM5 17a.5.5 0 000 1h7v1a.5.5 0 001 0v-1h6a.5.5 0 000-1h-6v-1a.5.5 0 00-1 0v1H5z"
                  fill="currentColor"
                  fill-rule="evenodd"
                />
              </svg>
            </span>
          </button>
        </div>
        <div
          class="Layout--horizontal StyledProps--main"
        />
      </div>
    </div>
  </div>
  <div
    data-testid="location"
  >
    /account/testAcc/cd/orgs/testOrg/projects/test/pipelines
  </div>
</div>
`;
