// Jest Snapshot v1, https://goo.gl/fbAQLP

exports[`ConfigFilesSelection tests renders Artifact Listview without crashing 1`] = `
<div>
  <div
    class="Layout--vertical StyledProps--main"
    style="width: 100%;"
  >
    <div
      class="Layout--vertical Layout--layout-spacing-medium StyledProps--main StyledProps--flex StyledProps--flex-alignItems-flex-start"
      style="width: 100%;"
    >
      <div
        class="configFilesList listHeader"
      >
        <p
          class="StyledProps--font StyledProps--main StyledProps--font-variation-table-headers"
        >
          common.ID
        </p>
        <p
          class="StyledProps--font StyledProps--main StyledProps--font-variation-table-headers"
        >
          pipeline.configFiles.fileType
        </p>
        <p
          class="StyledProps--font StyledProps--main StyledProps--font-variation-table-headers"
        >
          pipelineSteps.serviceTab.manifestList.manifestStore
        </p>
        <p
          class="StyledProps--font StyledProps--main StyledProps--font-variation-table-headers"
        >
          location
        </p>
        <span />
      </div>
      <div
        class="Layout--vertical StyledProps--main"
        style="width: 100%;"
      >
        <section>
          <div
            class="rowItem"
          >
            <section
              class="configFilesList"
            >
              <div
                class="columnId"
              >
                <span
                  class="StyledProps--font Text--lineclamp StyledProps--main StyledProps--color StyledProps--color-black StyledProps--inline"
                  style="--text-line-clamp: 1;"
                >
                  test1
                </span>
              </div>
              <div>
                encrypted
              </div>
              <div
                class="columnStore"
              >
                <span
                  class="bp3-icon StyledProps--main StyledProps--inline"
                  data-icon="harness"
                >
                  <svg
                    height="20"
                    viewBox="0 0 25 25"
                    width="20"
                    xmlns="http://www.w3.org/2000/svg"
                  >
                    <path
                      d="M22.974 8.186L16.708 1.88a7.023 7.023 0 00-2.59-1.572C11.98-.409 9.858.154 8.135 1.88L1.868 8.186a7.081 7.081 0 00-1.562 2.606c-.713 2.153-.153 4.289 1.562 6.023l6.266 6.306a7.113 7.113 0 002.589 1.58 5.663 5.663 0 001.808.308c1.503 0 2.946-.64 4.177-1.88l6.266-6.305a7.08 7.08 0 001.562-2.606c.713-2.162.153-4.298-1.562-6.032zm-10.07-4.477c.706.213 1.232.7 1.274.735l1.851 1.862-3.608 3.631-3.608-3.63 1.859-1.872c.5-.496 1.197-1.034 2.233-.726zm-9.219 8.305c.212-.71.696-1.24.73-1.282l1.85-1.863 3.609 3.632-3.608 3.63-1.86-1.87c-.492-.504-1.027-1.214-.721-2.247zm8.252 9.279c-.705-.214-1.231-.701-1.273-.735l-1.851-1.863 3.608-3.631 3.608 3.631-1.86 1.871c-.5.496-1.205 1.034-2.232.726zm9.22-8.305c-.212.709-.696 1.239-.73 1.281l-1.851 1.863-3.608-3.631 3.608-3.632 1.86 1.872c.492.504 1.027 1.204.72 2.247z"
                      fill="#4facdf"
                    />
                  </svg>
                </span>
                <span
                  class="StyledProps--font Text--lineclamp StyledProps--main type StyledProps--margin-left-xsmall StyledProps--inline StyledProps--color StyledProps--color-black"
                  style="--text-line-clamp: 1; width: 150px;"
                >
                  harness
                </span>
              </div>
              <div
                class="columnLocation"
              >
                <span
                  class="StyledProps--font Text--lineclamp StyledProps--main StyledProps--color StyledProps--color-black StyledProps--inline"
                  style="--text-line-clamp: 1;"
                />
              </div>
              <span>
                <div
                  class="Layout--horizontal StyledProps--main"
                >
                  <button
                    class="bp3-button bp3-minimal Button--button StyledProps--font StyledProps--main Button--with-current-color Button--iconOnly Button--without-shadow Button--withLeftIcon"
                    type="button"
                  >
                    <span
                      class="bp3-icon StyledProps--main"
                      data-icon="Edit"
                    >
                      <svg
                        height="18"
                        viewBox="0 0 16 16"
                        width="18"
                        xmlns="http://www.w3.org/2000/svg"
                      >
                        <path
                          clip-rule="evenodd"
                          d="M11.207.485a.5.5 0 01.354-.146 3.5 3.5 0 013.5 3.5.5.5 0 01-.146.353l-11 11a.5.5 0 01-.354.147h-3a.5.5 0 01-.5-.5v-3a.5.5 0 01.146-.354l11-11zm.553.862L1.061 12.046v2.293h2.293l10.7-10.7a2.5 2.5 0 00-2.294-2.292z"
                          fill="currentColor"
                          fill-rule="evenodd"
                        />
                        <path
                          clip-rule="evenodd"
                          d="M11.89 2.646a.5.5 0 010 .708L8.353 6.889a.5.5 0 01-.708-.707l3.536-3.536a.5.5 0 01.707 0z"
                          fill="currentColor"
                          fill-rule="evenodd"
                          opacity="0.3"
                        />
                      </svg>
                    </span>
                  </button>
                  <button
                    class="bp3-button bp3-minimal Button--button StyledProps--font StyledProps--main Button--with-current-color Button--iconOnly Button--without-shadow Button--withLeftIcon"
                    type="button"
                  >
                    <span
                      class="bp3-icon StyledProps--main"
                      data-icon="main-trash"
                    >
                      <svg
                        height="18"
                        viewBox="0 0 16 20"
                        width="18"
                        xmlns="http://www.w3.org/2000/svg"
                      >
                        <path
                          clip-rule="evenodd"
                          d="M1.143 8.48a1.2 1.2 0 011.189-1.36h10.649a1.2 1.2 0 011.194 1.321l-1.039 10.208a1.2 1.2 0 01-1.193 1.079H3.716a1.2 1.2 0 01-1.189-1.04L1.143 8.48zm11.837-.16H2.332l1.385 10.207h8.226L12.98 8.32zM5.916 1.594a.6.6 0 01.719-.452l4.224.965a.6.6 0 01.452.719L11 4.179l3.86.882a.6.6 0 01-.267 1.17L1.535 3.248a.6.6 0 11.267-1.17l3.805.87.309-1.354zm.86 1.62l3.056.698.175-.768-3.055-.698-.175.768z"
                          fill="currentColor"
                          fill-rule="evenodd"
                        />
                        <path
                          clip-rule="evenodd"
                          d="M8 10.808a.5.5 0 01.5.5v5a.5.5 0 01-1 0v-5a.5.5 0 01.5-.5zm-2.761.012a.5.5 0 01.541.454l.436 4.981a.5.5 0 11-.996.087l-.436-4.98a.5.5 0 01.455-.542zM10.762 10.82a.5.5 0 01.455.541l-.436 4.981a.5.5 0 11-.996-.087l.435-4.98a.5.5 0 01.542-.455z"
                          fill="currentColor"
                          fill-rule="evenodd"
                          opacity="0.3"
                        />
                      </svg>
                    </span>
                  </button>
                </div>
              </span>
            </section>
          </div>
        </section>
      </div>
      <button
        class="bp3-button Button--button StyledProps--font StyledProps--main Button--with-current-color Button--variation Button--variation-link Button--size Button--small"
        data-test-id="addConfigFile"
        id="add-config-file"
        type="button"
      >
        <span
          class="bp3-button-text"
        >
          pipeline.configFiles.addConfigFile
        </span>
      </button>
    </div>
  </div>
</div>
`;

exports[`ConfigFilesSelection tests renders add Config File option without crashing 1`] = `
<div>
  <div
    class="Layout--vertical StyledProps--main"
  >
    <div
      class="Layout--vertical StyledProps--main"
      style="width: 100%;"
    >
      <div
        class="Layout--vertical Layout--layout-spacing-medium StyledProps--main StyledProps--flex StyledProps--flex-alignItems-flex-start"
        style="width: 100%;"
      >
        <div
          class="configFilesList listHeader"
        >
          <p
            class="StyledProps--font StyledProps--main StyledProps--font-variation-table-headers"
          >
            common.ID
          </p>
          <p
            class="StyledProps--font StyledProps--main StyledProps--font-variation-table-headers"
          >
            pipeline.configFiles.fileType
          </p>
          <p
            class="StyledProps--font StyledProps--main StyledProps--font-variation-table-headers"
          >
            pipelineSteps.serviceTab.manifestList.manifestStore
          </p>
          <p
            class="StyledProps--font StyledProps--main StyledProps--font-variation-table-headers"
          >
            location
          </p>
          <span />
        </div>
        <div
          class="Layout--vertical StyledProps--main"
          style="width: 100%;"
        >
          <section>
            <div
              class="rowItem"
            >
              <section
                class="configFilesList"
              >
                <div
                  class="columnId"
                >
                  <span
                    class="StyledProps--font Text--lineclamp StyledProps--main StyledProps--color StyledProps--color-black StyledProps--inline"
                    style="--text-line-clamp: 1;"
                  >
                    test1
                  </span>
                </div>
                <div>
                  encrypted
                </div>
                <div
                  class="columnStore"
                >
                  <span
                    class="bp3-icon StyledProps--main StyledProps--inline"
                    data-icon="harness"
                  >
                    <svg
                      height="20"
                      viewBox="0 0 25 25"
                      width="20"
                      xmlns="http://www.w3.org/2000/svg"
                    >
                      <path
                        d="M22.974 8.186L16.708 1.88a7.023 7.023 0 00-2.59-1.572C11.98-.409 9.858.154 8.135 1.88L1.868 8.186a7.081 7.081 0 00-1.562 2.606c-.713 2.153-.153 4.289 1.562 6.023l6.266 6.306a7.113 7.113 0 002.589 1.58 5.663 5.663 0 001.808.308c1.503 0 2.946-.64 4.177-1.88l6.266-6.305a7.08 7.08 0 001.562-2.606c.713-2.162.153-4.298-1.562-6.032zm-10.07-4.477c.706.213 1.232.7 1.274.735l1.851 1.862-3.608 3.631-3.608-3.63 1.859-1.872c.5-.496 1.197-1.034 2.233-.726zm-9.219 8.305c.212-.71.696-1.24.73-1.282l1.85-1.863 3.609 3.632-3.608 3.63-1.86-1.87c-.492-.504-1.027-1.214-.721-2.247zm8.252 9.279c-.705-.214-1.231-.701-1.273-.735l-1.851-1.863 3.608-3.631 3.608 3.631-1.86 1.871c-.5.496-1.205 1.034-2.232.726zm9.22-8.305c-.212.709-.696 1.239-.73 1.281l-1.851 1.863-3.608-3.631 3.608-3.632 1.86 1.872c.492.504 1.027 1.204.72 2.247z"
                        fill="#4facdf"
                      />
                    </svg>
                  </span>
                  <span
                    class="StyledProps--font Text--lineclamp StyledProps--main type StyledProps--margin-left-xsmall StyledProps--inline StyledProps--color StyledProps--color-black"
                    style="--text-line-clamp: 1; width: 150px;"
                  >
                    harness
                  </span>
                </div>
                <div
                  class="columnLocation"
                >
                  <span
                    class="StyledProps--font Text--lineclamp StyledProps--main StyledProps--color StyledProps--color-black StyledProps--inline"
                    style="--text-line-clamp: 1;"
                  />
                </div>
                <span>
                  <div
                    class="Layout--horizontal StyledProps--main"
                  >
                    <button
                      class="bp3-button bp3-minimal Button--button StyledProps--font StyledProps--main Button--with-current-color Button--iconOnly Button--without-shadow Button--withLeftIcon"
                      type="button"
                    >
                      <span
                        class="bp3-icon StyledProps--main"
                        data-icon="Edit"
                      >
                        <svg
                          height="18"
                          viewBox="0 0 16 16"
                          width="18"
                          xmlns="http://www.w3.org/2000/svg"
                        >
                          <path
                            clip-rule="evenodd"
                            d="M11.207.485a.5.5 0 01.354-.146 3.5 3.5 0 013.5 3.5.5.5 0 01-.146.353l-11 11a.5.5 0 01-.354.147h-3a.5.5 0 01-.5-.5v-3a.5.5 0 01.146-.354l11-11zm.553.862L1.061 12.046v2.293h2.293l10.7-10.7a2.5 2.5 0 00-2.294-2.292z"
                            fill="currentColor"
                            fill-rule="evenodd"
                          />
                          <path
                            clip-rule="evenodd"
                            d="M11.89 2.646a.5.5 0 010 .708L8.353 6.889a.5.5 0 01-.708-.707l3.536-3.536a.5.5 0 01.707 0z"
                            fill="currentColor"
                            fill-rule="evenodd"
                            opacity="0.3"
                          />
                        </svg>
                      </span>
                    </button>
                    <button
                      class="bp3-button bp3-minimal Button--button StyledProps--font StyledProps--main Button--with-current-color Button--iconOnly Button--without-shadow Button--withLeftIcon"
                      type="button"
                    >
                      <span
                        class="bp3-icon StyledProps--main"
                        data-icon="main-trash"
                      >
                        <svg
                          height="18"
                          viewBox="0 0 16 20"
                          width="18"
                          xmlns="http://www.w3.org/2000/svg"
                        >
                          <path
                            clip-rule="evenodd"
                            d="M1.143 8.48a1.2 1.2 0 011.189-1.36h10.649a1.2 1.2 0 011.194 1.321l-1.039 10.208a1.2 1.2 0 01-1.193 1.079H3.716a1.2 1.2 0 01-1.189-1.04L1.143 8.48zm11.837-.16H2.332l1.385 10.207h8.226L12.98 8.32zM5.916 1.594a.6.6 0 01.719-.452l4.224.965a.6.6 0 01.452.719L11 4.179l3.86.882a.6.6 0 01-.267 1.17L1.535 3.248a.6.6 0 11.267-1.17l3.805.87.309-1.354zm.86 1.62l3.056.698.175-.768-3.055-.698-.175.768z"
                            fill="currentColor"
                            fill-rule="evenodd"
                          />
                          <path
                            clip-rule="evenodd"
                            d="M8 10.808a.5.5 0 01.5.5v5a.5.5 0 01-1 0v-5a.5.5 0 01.5-.5zm-2.761.012a.5.5 0 01.541.454l.436 4.981a.5.5 0 11-.996.087l-.436-4.98a.5.5 0 01.455-.542zM10.762 10.82a.5.5 0 01.455.541l-.436 4.981a.5.5 0 11-.996-.087l.435-4.98a.5.5 0 01.542-.455z"
                            fill="currentColor"
                            fill-rule="evenodd"
                            opacity="0.3"
                          />
                        </svg>
                      </span>
                    </button>
                  </div>
                </span>
              </section>
            </div>
          </section>
        </div>
        <button
          class="bp3-button Button--button StyledProps--font StyledProps--main Button--with-current-color Button--variation Button--variation-link Button--size Button--small"
          data-test-id="addConfigFile"
          id="add-config-file"
          type="button"
        >
          <span
            class="bp3-button-text"
          >
            pipeline.configFiles.addConfigFile
          </span>
        </button>
      </div>
    </div>
  </div>
</div>
`;

exports[`ConfigFilesSelection tests renders config file and identifierName has some value 1`] = `
<div>
  <div
    class="Layout--vertical StyledProps--main"
  >
    <div
      class="Layout--vertical StyledProps--main"
      style="width: 100%;"
    >
      <div
        class="Layout--vertical Layout--layout-spacing-medium StyledProps--main StyledProps--flex StyledProps--flex-alignItems-flex-start"
        style="width: 100%;"
      >
        <div
          class="configFilesList listHeader"
        >
          <p
            class="StyledProps--font StyledProps--main StyledProps--font-variation-table-headers"
          >
            common.ID
          </p>
          <p
            class="StyledProps--font StyledProps--main StyledProps--font-variation-table-headers"
          >
            pipeline.configFiles.fileType
          </p>
          <p
            class="StyledProps--font StyledProps--main StyledProps--font-variation-table-headers"
          >
            pipelineSteps.serviceTab.manifestList.manifestStore
          </p>
          <p
            class="StyledProps--font StyledProps--main StyledProps--font-variation-table-headers"
          >
            location
          </p>
          <span />
        </div>
        <div
          class="Layout--vertical StyledProps--main"
          style="width: 100%;"
        >
          <section>
            <div
              class="rowItem"
            >
              <section
                class="configFilesList"
              >
                <div
                  class="columnId"
                >
                  <span
                    class="StyledProps--font Text--lineclamp StyledProps--main StyledProps--color StyledProps--color-black StyledProps--inline"
                    style="--text-line-clamp: 1;"
                  >
                    test1
                  </span>
                </div>
                <div>
                  encrypted
                </div>
                <div
                  class="columnStore"
                >
                  <span
                    class="bp3-icon StyledProps--main StyledProps--inline"
                    data-icon="harness"
                  >
                    <svg
                      height="20"
                      viewBox="0 0 25 25"
                      width="20"
                      xmlns="http://www.w3.org/2000/svg"
                    >
                      <path
                        d="M22.974 8.186L16.708 1.88a7.023 7.023 0 00-2.59-1.572C11.98-.409 9.858.154 8.135 1.88L1.868 8.186a7.081 7.081 0 00-1.562 2.606c-.713 2.153-.153 4.289 1.562 6.023l6.266 6.306a7.113 7.113 0 002.589 1.58 5.663 5.663 0 001.808.308c1.503 0 2.946-.64 4.177-1.88l6.266-6.305a7.08 7.08 0 001.562-2.606c.713-2.162.153-4.298-1.562-6.032zm-10.07-4.477c.706.213 1.232.7 1.274.735l1.851 1.862-3.608 3.631-3.608-3.63 1.859-1.872c.5-.496 1.197-1.034 2.233-.726zm-9.219 8.305c.212-.71.696-1.24.73-1.282l1.85-1.863 3.609 3.632-3.608 3.63-1.86-1.87c-.492-.504-1.027-1.214-.721-2.247zm8.252 9.279c-.705-.214-1.231-.701-1.273-.735l-1.851-1.863 3.608-3.631 3.608 3.631-1.86 1.871c-.5.496-1.205 1.034-2.232.726zm9.22-8.305c-.212.709-.696 1.239-.73 1.281l-1.851 1.863-3.608-3.631 3.608-3.632 1.86 1.872c.492.504 1.027 1.204.72 2.247z"
                        fill="#4facdf"
                      />
                    </svg>
                  </span>
                  <span
                    class="StyledProps--font Text--lineclamp StyledProps--main type StyledProps--margin-left-xsmall StyledProps--inline StyledProps--color StyledProps--color-black"
                    style="--text-line-clamp: 1; width: 150px;"
                  >
                    harness
                  </span>
                </div>
                <div
                  class="columnLocation"
                >
                  <span
                    class="StyledProps--font Text--lineclamp StyledProps--main StyledProps--color StyledProps--color-black StyledProps--inline"
                    style="--text-line-clamp: 1;"
                  />
                </div>
                <span>
                  <div
                    class="Layout--horizontal StyledProps--main"
                  >
                    <button
                      class="bp3-button bp3-minimal Button--button StyledProps--font StyledProps--main Button--with-current-color Button--iconOnly Button--without-shadow Button--withLeftIcon"
                      type="button"
                    >
                      <span
                        class="bp3-icon StyledProps--main"
                        data-icon="Edit"
                      >
                        <svg
                          height="18"
                          viewBox="0 0 16 16"
                          width="18"
                          xmlns="http://www.w3.org/2000/svg"
                        >
                          <path
                            clip-rule="evenodd"
                            d="M11.207.485a.5.5 0 01.354-.146 3.5 3.5 0 013.5 3.5.5.5 0 01-.146.353l-11 11a.5.5 0 01-.354.147h-3a.5.5 0 01-.5-.5v-3a.5.5 0 01.146-.354l11-11zm.553.862L1.061 12.046v2.293h2.293l10.7-10.7a2.5 2.5 0 00-2.294-2.292z"
                            fill="currentColor"
                            fill-rule="evenodd"
                          />
                          <path
                            clip-rule="evenodd"
                            d="M11.89 2.646a.5.5 0 010 .708L8.353 6.889a.5.5 0 01-.708-.707l3.536-3.536a.5.5 0 01.707 0z"
                            fill="currentColor"
                            fill-rule="evenodd"
                            opacity="0.3"
                          />
                        </svg>
                      </span>
                    </button>
                    <button
                      class="bp3-button bp3-minimal Button--button StyledProps--font StyledProps--main Button--with-current-color Button--iconOnly Button--without-shadow Button--withLeftIcon"
                      type="button"
                    >
                      <span
                        class="bp3-icon StyledProps--main"
                        data-icon="main-trash"
                      >
                        <svg
                          height="18"
                          viewBox="0 0 16 20"
                          width="18"
                          xmlns="http://www.w3.org/2000/svg"
                        >
                          <path
                            clip-rule="evenodd"
                            d="M1.143 8.48a1.2 1.2 0 011.189-1.36h10.649a1.2 1.2 0 011.194 1.321l-1.039 10.208a1.2 1.2 0 01-1.193 1.079H3.716a1.2 1.2 0 01-1.189-1.04L1.143 8.48zm11.837-.16H2.332l1.385 10.207h8.226L12.98 8.32zM5.916 1.594a.6.6 0 01.719-.452l4.224.965a.6.6 0 01.452.719L11 4.179l3.86.882a.6.6 0 01-.267 1.17L1.535 3.248a.6.6 0 11.267-1.17l3.805.87.309-1.354zm.86 1.62l3.056.698.175-.768-3.055-.698-.175.768z"
                            fill="currentColor"
                            fill-rule="evenodd"
                          />
                          <path
                            clip-rule="evenodd"
                            d="M8 10.808a.5.5 0 01.5.5v5a.5.5 0 01-1 0v-5a.5.5 0 01.5-.5zm-2.761.012a.5.5 0 01.541.454l.436 4.981a.5.5 0 11-.996.087l-.436-4.98a.5.5 0 01.455-.542zM10.762 10.82a.5.5 0 01.455.541l-.436 4.981a.5.5 0 11-.996-.087l.435-4.98a.5.5 0 01.542-.455z"
                            fill="currentColor"
                            fill-rule="evenodd"
                            opacity="0.3"
                          />
                        </svg>
                      </span>
                    </button>
                  </div>
                </span>
              </section>
            </div>
          </section>
        </div>
        <button
          class="bp3-button Button--button StyledProps--font StyledProps--main Button--with-current-color Button--variation Button--variation-link Button--size Button--small"
          data-test-id="addConfigFile"
          id="add-config-file"
          type="button"
        >
          <span
            class="bp3-button-text"
          >
            pipeline.configFiles.addConfigFile
          </span>
        </button>
      </div>
    </div>
  </div>
</div>
`;

exports[`ConfigFilesSelection tests renders without crashing 1`] = `
<div>
  <div
    class="Layout--vertical StyledProps--main"
  >
    <div
      class="Layout--vertical StyledProps--main"
      style="width: 100%;"
    >
      <div
        class="Layout--vertical Layout--layout-spacing-medium StyledProps--main StyledProps--flex StyledProps--flex-alignItems-flex-start"
        style="width: 100%;"
      >
        <div
          class="configFilesList listHeader"
        >
          <p
            class="StyledProps--font StyledProps--main StyledProps--font-variation-table-headers"
          >
            common.ID
          </p>
          <p
            class="StyledProps--font StyledProps--main StyledProps--font-variation-table-headers"
          >
            pipeline.configFiles.fileType
          </p>
          <p
            class="StyledProps--font StyledProps--main StyledProps--font-variation-table-headers"
          >
            pipelineSteps.serviceTab.manifestList.manifestStore
          </p>
          <p
            class="StyledProps--font StyledProps--main StyledProps--font-variation-table-headers"
          >
            location
          </p>
          <span />
        </div>
        <div
          class="Layout--vertical StyledProps--main"
          style="width: 100%;"
        >
          <section>
            <div
              class="rowItem"
            >
              <section
                class="configFilesList"
              >
                <div
                  class="columnId"
                >
                  <span
                    class="StyledProps--font Text--lineclamp StyledProps--main StyledProps--color StyledProps--color-black StyledProps--inline"
                    style="--text-line-clamp: 1;"
                  >
                    test1
                  </span>
                </div>
                <div>
                  encrypted
                </div>
                <div
                  class="columnStore"
                >
                  <span
                    class="bp3-icon StyledProps--main StyledProps--inline"
                    data-icon="harness"
                  >
                    <svg
                      height="20"
                      viewBox="0 0 25 25"
                      width="20"
                      xmlns="http://www.w3.org/2000/svg"
                    >
                      <path
                        d="M22.974 8.186L16.708 1.88a7.023 7.023 0 00-2.59-1.572C11.98-.409 9.858.154 8.135 1.88L1.868 8.186a7.081 7.081 0 00-1.562 2.606c-.713 2.153-.153 4.289 1.562 6.023l6.266 6.306a7.113 7.113 0 002.589 1.58 5.663 5.663 0 001.808.308c1.503 0 2.946-.64 4.177-1.88l6.266-6.305a7.08 7.08 0 001.562-2.606c.713-2.162.153-4.298-1.562-6.032zm-10.07-4.477c.706.213 1.232.7 1.274.735l1.851 1.862-3.608 3.631-3.608-3.63 1.859-1.872c.5-.496 1.197-1.034 2.233-.726zm-9.219 8.305c.212-.71.696-1.24.73-1.282l1.85-1.863 3.609 3.632-3.608 3.63-1.86-1.87c-.492-.504-1.027-1.214-.721-2.247zm8.252 9.279c-.705-.214-1.231-.701-1.273-.735l-1.851-1.863 3.608-3.631 3.608 3.631-1.86 1.871c-.5.496-1.205 1.034-2.232.726zm9.22-8.305c-.212.709-.696 1.239-.73 1.281l-1.851 1.863-3.608-3.631 3.608-3.632 1.86 1.872c.492.504 1.027 1.204.72 2.247z"
                        fill="#4facdf"
                      />
                    </svg>
                  </span>
                  <span
                    class="StyledProps--font Text--lineclamp StyledProps--main type StyledProps--margin-left-xsmall StyledProps--inline StyledProps--color StyledProps--color-black"
                    style="--text-line-clamp: 1; width: 150px;"
                  >
                    harness
                  </span>
                </div>
                <div
                  class="columnLocation"
                >
                  <span
                    class="StyledProps--font Text--lineclamp StyledProps--main StyledProps--color StyledProps--color-black StyledProps--inline"
                    style="--text-line-clamp: 1;"
                  />
                </div>
                <span>
                  <div
                    class="Layout--horizontal StyledProps--main"
                  >
                    <button
                      class="bp3-button bp3-minimal Button--button StyledProps--font StyledProps--main Button--with-current-color Button--iconOnly Button--without-shadow Button--withLeftIcon"
                      type="button"
                    >
                      <span
                        class="bp3-icon StyledProps--main"
                        data-icon="Edit"
                      >
                        <svg
                          height="18"
                          viewBox="0 0 16 16"
                          width="18"
                          xmlns="http://www.w3.org/2000/svg"
                        >
                          <path
                            clip-rule="evenodd"
                            d="M11.207.485a.5.5 0 01.354-.146 3.5 3.5 0 013.5 3.5.5.5 0 01-.146.353l-11 11a.5.5 0 01-.354.147h-3a.5.5 0 01-.5-.5v-3a.5.5 0 01.146-.354l11-11zm.553.862L1.061 12.046v2.293h2.293l10.7-10.7a2.5 2.5 0 00-2.294-2.292z"
                            fill="currentColor"
                            fill-rule="evenodd"
                          />
                          <path
                            clip-rule="evenodd"
                            d="M11.89 2.646a.5.5 0 010 .708L8.353 6.889a.5.5 0 01-.708-.707l3.536-3.536a.5.5 0 01.707 0z"
                            fill="currentColor"
                            fill-rule="evenodd"
                            opacity="0.3"
                          />
                        </svg>
                      </span>
                    </button>
                    <button
                      class="bp3-button bp3-minimal Button--button StyledProps--font StyledProps--main Button--with-current-color Button--iconOnly Button--without-shadow Button--withLeftIcon"
                      type="button"
                    >
                      <span
                        class="bp3-icon StyledProps--main"
                        data-icon="main-trash"
                      >
                        <svg
                          height="18"
                          viewBox="0 0 16 20"
                          width="18"
                          xmlns="http://www.w3.org/2000/svg"
                        >
                          <path
                            clip-rule="evenodd"
                            d="M1.143 8.48a1.2 1.2 0 011.189-1.36h10.649a1.2 1.2 0 011.194 1.321l-1.039 10.208a1.2 1.2 0 01-1.193 1.079H3.716a1.2 1.2 0 01-1.189-1.04L1.143 8.48zm11.837-.16H2.332l1.385 10.207h8.226L12.98 8.32zM5.916 1.594a.6.6 0 01.719-.452l4.224.965a.6.6 0 01.452.719L11 4.179l3.86.882a.6.6 0 01-.267 1.17L1.535 3.248a.6.6 0 11.267-1.17l3.805.87.309-1.354zm.86 1.62l3.056.698.175-.768-3.055-.698-.175.768z"
                            fill="currentColor"
                            fill-rule="evenodd"
                          />
                          <path
                            clip-rule="evenodd"
                            d="M8 10.808a.5.5 0 01.5.5v5a.5.5 0 01-1 0v-5a.5.5 0 01.5-.5zm-2.761.012a.5.5 0 01.541.454l.436 4.981a.5.5 0 11-.996.087l-.436-4.98a.5.5 0 01.455-.542zM10.762 10.82a.5.5 0 01.455.541l-.436 4.981a.5.5 0 11-.996-.087l.435-4.98a.5.5 0 01.542-.455z"
                            fill="currentColor"
                            fill-rule="evenodd"
                            opacity="0.3"
                          />
                        </svg>
                      </span>
                    </button>
                  </div>
                </span>
              </section>
            </div>
          </section>
        </div>
        <button
          class="bp3-button Button--button StyledProps--font StyledProps--main Button--with-current-color Button--variation Button--variation-link Button--size Button--small"
          data-test-id="addConfigFile"
          id="add-config-file"
          type="button"
        >
          <span
            class="bp3-button-text"
          >
            pipeline.configFiles.addConfigFile
          </span>
        </button>
      </div>
    </div>
  </div>
</div>
`;
