// Jest Snapshot v1, https://goo.gl/fbAQLP

exports[`UserDetails Test render data 1`] = `
<div>
  <div
    class="Layout--horizontal StyledProps--main PageHeader--container PageHeader--xlarge header StyledProps--flex StyledProps--padding-left-xlarge StyledProps--padding-right-xlarge StyledProps--background-white"
  >
    <div
      class="Layout--vertical StyledProps--main"
    >
      <div
        class="PageHeader--breadcrumbsDiv"
      >
        <div
          class="Layout--horizontal StyledProps--main Breadcrumbs--breadcrumbs StyledProps--flex StyledProps--flex-align-center-center StyledProps--flex-justifyContent-flex-start"
        >
          <div
            class="Layout--horizontal StyledProps--main StyledProps--flex StyledProps--flex-align-center-center StyledProps--flex-justifyContent-flex-start"
          >
            <a
              class="Breadcrumbs--breadcrumb"
              href="/account/testAcc/settings"
            >
              <span
                class="bp3-icon bp3-icon-cog StyledProps--main StyledProps--padding-right-xsmall StyledProps--color StyledProps--color-primary7"
                icon="cog"
              >
                <svg
                  data-icon="cog"
                  height="16"
                  viewBox="0 0 16 16"
                  width="16"
                >
                  <desc>
                    cog
                  </desc>
                  <path
                    d="M15.19 6.39h-1.85c-.11-.37-.27-.71-.45-1.04l1.36-1.36c.31-.31.31-.82 0-1.13l-1.13-1.13a.803.803 0 00-1.13 0l-1.36 1.36c-.33-.17-.67-.33-1.04-.44V.79c0-.44-.36-.8-.8-.8h-1.6c-.44 0-.8.36-.8.8v1.86c-.39.12-.75.28-1.1.47l-1.3-1.3c-.3-.3-.79-.3-1.09 0L1.82 2.91c-.3.3-.3.79 0 1.09l1.3 1.3c-.2.34-.36.7-.48 1.09H.79c-.44 0-.8.36-.8.8v1.6c0 .44.36.8.8.8h1.85c.11.37.27.71.45 1.04l-1.36 1.36c-.31.31-.31.82 0 1.13l1.13 1.13c.31.31.82.31 1.13 0l1.36-1.36c.33.18.67.33 1.04.44v1.86c0 .44.36.8.8.8h1.6c.44 0 .8-.36.8-.8v-1.86c.39-.12.75-.28 1.1-.47l1.3 1.3c.3.3.79.3 1.09 0l1.09-1.09c.3-.3.3-.79 0-1.09l-1.3-1.3c.19-.35.36-.71.48-1.1h1.85c.44 0 .8-.36.8-.8v-1.6a.816.816 0 00-.81-.79zm-7.2 4.6c-1.66 0-3-1.34-3-3s1.34-3 3-3 3 1.34 3 3-1.34 3-3 3z"
                    fill-rule="evenodd"
                  />
                </svg>
              </span>
              <p
                class="StyledProps--font StyledProps--main StyledProps--intent-primary StyledProps--font-size-small"
              >
                common.accountSettings
              </p>
            </a>
            <span
              class="bp3-icon StyledProps--main StyledProps--color StyledProps--color-grey500 StyledProps--padding-right-xsmall StyledProps--padding-left-xsmall"
              data-icon="main-chevron-right"
            >
              <svg
                height="8"
                viewBox="0 0 8 14"
                width="8"
                xmlns="http://www.w3.org/2000/svg"
              >
                <path
                  d="M7.7 6.3l-6-6C1.5.1 1.3 0 1 0 .4 0 0 .4 0 1c0 .3.1.5.3.7L5.6 7 .3 12.3c-.2.2-.3.4-.3.7 0 .6.4 1 1 1 .3 0 .5-.1.7-.3l6-6c.2-.2.3-.4.3-.7s-.1-.5-.3-.7z"
                  fill="#4d5969"
                />
              </svg>
            </span>
          </div>
          <div
            class="Layout--horizontal StyledProps--main StyledProps--flex StyledProps--flex-align-center-center StyledProps--flex-justifyContent-flex-start"
          >
            <a
              class="Breadcrumbs--breadcrumb"
              href="/account/testAcc/settings/access-control/users"
            >
              <p
                class="StyledProps--font StyledProps--main StyledProps--intent-primary StyledProps--font-size-small"
              >
                accessControl: users
              </p>
            </a>
            <span
              class="bp3-icon StyledProps--main StyledProps--color StyledProps--color-grey500 StyledProps--padding-right-xsmall StyledProps--padding-left-xsmall"
              data-icon="main-chevron-right"
            >
              <svg
                height="8"
                viewBox="0 0 8 14"
                width="8"
                xmlns="http://www.w3.org/2000/svg"
              >
                <path
                  d="M7.7 6.3l-6-6C1.5.1 1.3 0 1 0 .4 0 0 .4 0 1c0 .3.1.5.3.7L5.6 7 .3 12.3c-.2.2-.3.4-.3.7 0 .6.4 1 1 1 .3 0 .5-.1.7-.3l6-6c.2-.2.3-.4.3-.7s-.1-.5-.3-.7z"
                  fill="#4d5969"
                />
              </svg>
            </span>
          </div>
        </div>
      </div>
      <div
        class="Layout--horizontal Layout--layout-spacing-medium StyledProps--main StyledProps--flex StyledProps--flex-alignItems-center StyledProps--flex-justifyContent-flex-start"
      >
        <div
          class="Avatar--Avatar Avatar--contentStyle"
        >
          <span
            class="bp3-popover-wrapper Avatar--avatarPopOver"
          >
            <span
              class="bp3-popover-target"
            >
              <div
                class="Avatar--AvatarInner"
                style="border-radius: 100%; line-height: 66px; width: 72px; height: 72px; font-size: 28px;"
                tabindex="0"
              >
                D
              </div>
            </span>
          </span>
        </div>
        <div
          class="Layout--vertical Layout--layout-spacing-xsmall StyledProps--main StyledProps--padding-left-medium"
        >
          <div
            class="Layout--horizontal Layout--layout-spacing-xsmall StyledProps--main StyledProps--flex StyledProps--flex-alignItems-baseline"
          >
            <p
              class="StyledProps--font StyledProps--main StyledProps--color StyledProps--color-black StyledProps--font-medium"
            >
              dummy
            </p>
          </div>
          <p
            class="StyledProps--font StyledProps--main"
          >
            dummy@harness.io
          </p>
        </div>
      </div>
    </div>
  </div>
  <div
    class="StyledProps--font StyledProps--main PageBody--pageBody body"
    data-name="page-body"
  >
    <div
      class="Layout--vertical StyledProps--main StyledProps--padding-large"
      style="width: 100%;"
    >
      <div
        class="Layout--vertical Layout--layout-spacing-medium StyledProps--main StyledProps--padding-bottom-large"
      >
        <p
          class="StyledProps--font StyledProps--main StyledProps--color StyledProps--color-black StyledProps--font-size-medium StyledProps--font-weight-semi-bold"
        >
          rbac.roleBinding
        </p>
        <div
          class="bp3-card bp3-elevation-0 Card--card card"
        >
          <span
            class="bp3-tag customtag"
          >
            <span
              class="bp3-text-overflow-ellipsis bp3-fill"
            >
              <a
                class="link"
                href="/account/testAcc/settings/access-control/roles/New_Role"
              >
                New Role
              </a>
               - 
              <a
                class="link"
                href="/account/testAcc/settings/access-control/resource-groups/_all_account_level_resources"
              >
                All Resources
              </a>
            </span>
          </span>
          <span
            class="bp3-tag customtag"
          >
            <span
              class="bp3-text-overflow-ellipsis bp3-fill"
            >
              <a
                class="link"
                href="/account/testAcc/settings/access-control/roles/TestRole"
              >
                TestRole
              </a>
               - 
              <a
                class="link"
                href="/account/testAcc/settings/access-control/resource-groups/_all_account_level_resources"
              >
                All Resources
              </a>
            </span>
          </span>
          <span
            class="bp3-tag harnesstag"
          >
            <span
              class="bp3-text-overflow-ellipsis bp3-fill"
            >
              <a
                class="link"
                href="/account/testAcc/settings/access-control/roles/_account_dummy"
              >
                Account dummy
              </a>
               - 
              <a
                class="link"
                href="/account/testAcc/settings/access-control/resource-groups/_all_account_level_resources"
              >
                All Resources
              </a>
            </span>
          </span>
          <span
            class="bp3-tag harnesstag"
          >
            <span
              class="bp3-text-overflow-ellipsis bp3-fill"
            >
              <a
                class="link"
                href="/account/testAcc/settings/access-control/roles/_account_viewer"
              >
                Account Viewer
              </a>
               - 
              <a
                class="link"
                href="/account/testAcc/settings/access-control/resource-groups/_all_account_level_resources"
              >
                All Resources
              </a>
            </span>
          </span>
          <span
            class="bp3-tag customtag"
          >
            <span
              class="bp3-text-overflow-ellipsis bp3-fill"
            >
              <a
                class="link"
                href="/account/testAcc/settings/access-control/roles/ufbvfbvbfv"
              >
                ufbvfbvbfv
              </a>
               - 
              <a
                class="link"
                href="/account/testAcc/settings/access-control/resource-groups/_all_account_level_resources"
              >
                All Resources
              </a>
            </span>
          </span>
        </div>
        <div
          class="Layout--horizontal StyledProps--main StyledProps--flex StyledProps--flex-alignItems-center StyledProps--flex-justifyContent-flex-start StyledProps--padding-top-medium"
        >
          <button
            class="bp3-button Button--button StyledProps--font StyledProps--main Button--with-current-color Button--variation Button--variation-link"
            data-testid="addRole-UserGroup"
            type="button"
          >
            <span
              class="bp3-button-text"
            >
              common.plusNumber
            </span>
          </button>
        </div>
      </div>
      <div
        class="StyledProps--font StyledProps--main StyledProps--margin-bottom-medium"
      >
        <p
          class="StyledProps--font StyledProps--main StyledProps--color StyledProps--color-black StyledProps--font-size-medium StyledProps--font-weight-semi-bold StyledProps--padding-bottom-medium"
        >
          common.userGroups
        </p>
        <div
          class="Layout--vertical StyledProps--main StyledProps--padding-bottom-medium"
        >
          <div
            class="TableV2--table userGroupTable"
          >
            <div
              class="TableV2--body"
            >
              <div
                class="TableV2--row TableV2--card"
                role="row"
              >
                <div
                  class="TableV2--cells"
                >
                  <div
                    class="TableV2--cell"
                    role="cell"
                    style="width: 95%;"
                  >
                    <div
                      class="Layout--horizontal Layout--layout-spacing-small StyledProps--main name"
                    >
                      <p
                        class="StyledProps--font Text--lineclamp StyledProps--main StyledProps--color StyledProps--color-black"
                        style="--text-line-clamp: 1;"
                      >
                        testGroup
                      </p>
                    </div>
                  </div>
                  <div
                    class="TableV2--cell"
                    role="cell"
                    style="width: 5%;"
                  >
                    <span
                      class="bp3-popover-wrapper bp3-dark"
                    >
                      <span
                        class="bp3-popover-target"
                      >
                        <button
                          class="bp3-button bp3-minimal Button--button StyledProps--font StyledProps--main Button--with-current-color Button--iconOnly Button--without-shadow Button--withLeftIcon"
                          data-testid="menu-UserGroup-testGroup"
                          type="button"
                        >
                          <span
                            class="bp3-icon StyledProps--main"
                            data-icon="Options"
                          >
                            <svg
                              fill="currentColor"
                              height="16"
                              viewBox="0 0 4 16"
                              width="16"
                              xmlns="http://www.w3.org/2000/svg"
                            >
                              <circle
                                cx="2"
                                cy="2"
                                r="1.5"
                              />
                              <circle
                                cx="2"
                                cy="8"
                                r="1.5"
                              />
                              <circle
                                cx="2"
                                cy="14"
                                r="1.5"
                              />
                            </svg>
                          </span>
                        </button>
                      </span>
                    </span>
                  </div>
                </div>
              </div>
            </div>
          </div>
        </div>
        <button
          class="bp3-button Button--button StyledProps--font StyledProps--main Button--with-current-color Button--variation Button--variation-link"
          data-testid="add-UserGroup"
          type="button"
        >
          <span
            class="bp3-button-text"
          >
            common.plusNumber
          </span>
        </button>
      </div>
    </div>
  </div>
</div>
`;
