// Jest Snapshot v1, https://goo.gl/fbAQLP

exports[`CreateTargetModal CreateTargetModal should render initial state correctly 1`] = `
<div
  class="bp3-portal"
>
  <div
    class="bp3-overlay bp3-overlay-open bp3-overlay-scroll-container"
  >
    <div
      class="bp3-overlay-backdrop bp3-overlay-appear bp3-overlay-appear-active"
      tabindex="0"
    />
    <div
      class="bp3-dialog-container bp3-overlay-content bp3-overlay-appear bp3-overlay-appear-active"
      tabindex="0"
    >
      <div
        class="bp3-dialog modal"
      >
        <div
          class="bp3-dialog-header"
        >
          <h4
            class="bp3-heading"
          >
            cf.targets.addTargetsLabel
          </h4>
          <button
            aria-label="Close"
            class="bp3-button bp3-minimal bp3-dialog-close-button"
            type="button"
          >
            <span
              class="bp3-icon bp3-icon-small-cross"
              icon="small-cross"
            >
              <svg
                data-icon="small-cross"
                height="20"
                viewBox="0 0 20 20"
                width="20"
              >
                <desc>
                  small-cross
                </desc>
                <path
                  d="M11.41 10l3.29-3.29c.19-.18.3-.43.3-.71a1.003 1.003 0 00-1.71-.71L10 8.59l-3.29-3.3a1.003 1.003 0 00-1.42 1.42L8.59 10 5.3 13.29c-.19.18-.3.43-.3.71a1.003 1.003 0 001.71.71l3.29-3.3 3.29 3.29c.18.19.43.3.71.3a1.003 1.003 0 00.71-1.71L11.41 10z"
                  fill-rule="evenodd"
                />
              </svg>
            </span>
          </button>
        </div>
        <form
          action="#"
          class="FormikForm--main"
        >
          <div>
            <div
              class="Layout--vertical StyledProps--main StyledProps--padding-medium"
              style="height: 450px;"
            >
              <div
                class="StyledProps--font StyledProps--main StyledProps--padding-top-small"
                style="flex-grow: 1; overflow: auto;"
              >
                <div>
                  <label
                    class="bp3-control bp3-radio"
                  >
                    <input
                      checked=""
                      name="modalVariant"
                      type="radio"
                      value="list"
                    />
                    <span
                      class="bp3-control-indicator"
                    />
                    cf.targets.list
                  </label>
                  <div
                    class="Layout--vertical Layout--layout-spacing-xsmall StyledProps--main StyledProps--margin-top-small StyledProps--margin-bottom-medium"
                    style="padding-left: 28px;"
                  >
                    <div
                      class="Layout--horizontal Layout--layout-spacing-small StyledProps--main"
                    >
                      <p
                        class="StyledProps--font StyledProps--main"
                        style="color: rgb(34, 34, 42); font-weight: 500; width: 285px;"
                      >
                        name
                      </p>
                      <p
                        class="StyledProps--font StyledProps--main"
                        style="color: rgb(34, 34, 42); font-weight: 500; width: 285px;"
                      >
                        identifier
                      </p>
                      <span
                        style="flex-grow: 1;"
                      />
                    </div>
                    <div
                      class="Layout--horizontal Layout--layout-spacing-small StyledProps--main"
                    >
                      <div
                        class="bp3-form-group"
                        data-id="name-0"
                        style="width: 285px;"
                      >
                        <div
                          class="bp3-form-content"
                        >
                          <div
                            class="bp3-input-group"
                          >
                            <input
                              autocomplete="off"
                              class="bp3-input"
                              name="name"
                              placeholder="cf.targets.enterName"
                              type="text"
                              value=""
                            />
                          </div>
                        </div>
                      </div>
                      <div
                        class="bp3-form-group"
                        data-id="identifier-1"
                        style="width: 285px;"
                      >
                        <div
                          class="bp3-form-content"
                        >
                          <div
                            class="bp3-input-group"
                          >
                            <input
                              autocomplete="off"
                              class="bp3-input"
                              name="identifier"
                              placeholder="cf.targets.enterValue"
                              type="text"
                              value=""
                            />
                          </div>
                        </div>
                      </div>
                      <button
                        class="bp3-button bp3-minimal Button--button StyledProps--font StyledProps--main StyledProps--intent-primary Button--with-current-color Button--without-shadow Button--withLeftIcon"
                        style="transform: translateX(0px);"
                        type="button"
                      >
                        <span
                          class="bp3-icon bp3-icon-plus StyledProps--main"
                          icon="plus"
                          style="align-self: center;"
                        >
                          <svg
                            data-icon="plus"
                            height="16"
                            viewBox="0 0 16 16"
                            width="16"
                          >
                            <desc>
                              plus
                            </desc>
                            <path
                              d="M13 7H9V3c0-.55-.45-1-1-1s-1 .45-1 1v4H3c-.55 0-1 .45-1 1s.45 1 1 1h4v4c0 .55.45 1 1 1s1-.45 1-1V9h4c.55 0 1-.45 1-1s-.45-1-1-1z"
                              fill-rule="evenodd"
                            />
                          </svg>
                        </span>
                      </button>
                    </div>
                  </div>
                  <label
                    class="bp3-control bp3-radio"
                  >
                    <input
                      name="modalVariant"
                      type="radio"
                      value="upload"
                    />
                    <span
                      class="bp3-control-indicator"
                    />
                    cf.targets.upload
                  </label>
                </div>
              </div>
              <div
                class="Layout--horizontal Layout--layout-spacing-small StyledProps--main"
                style="height: 34px;"
              >
                <button
                  class="bp3-button bp3-disabled Button--button StyledProps--font StyledProps--main StyledProps--intent-primary Button--with-current-color Button--variation Button--variation-primary"
                  disabled=""
                  tabindex="-1"
                  type="submit"
                >
                  <span
                    class="bp3-button-text"
                  >
                    add
                  </span>
                </button>
                <button
                  class="bp3-button bp3-disabled bp3-minimal Button--button StyledProps--font StyledProps--main Button--with-current-color Button--without-shadow Button--variation Button--variation-tertiary"
                  disabled=""
                  tabindex="-1"
                  type="reset"
                >
                  <span
                    class="bp3-button-text"
                  >
                    cancel
                  </span>
                </button>
                <div
                  class="bp3-spinner"
                >
                  <div
                    class="bp3-spinner-animation"
                  >
                    <svg
                      height="16"
                      stroke-width="16.00"
                      viewBox="-3.00 -3.00 106.00 106.00"
                      width="16"
                    >
                      <path
                        class="bp3-spinner-track"
                        d="M 50,50 m 0,-45 a 45,45 0 1 1 0,90 a 45,45 0 1 1 0,-90"
                      />
                      <path
                        class="bp3-spinner-head"
                        d="M 50,50 m 0,-45 a 45,45 0 1 1 0,90 a 45,45 0 1 1 0,-90"
                        pathLength="280"
                        stroke-dasharray="280 280"
                        stroke-dashoffset="210"
                      />
                    </svg>
                  </div>
                </div>
              </div>
            </div>
          </div>
        </form>
      </div>
    </div>
  </div>
</div>
`;
