// Jest Snapshot v1, https://goo.gl/fbAQLP

exports[`OnboardingPage OnboardingPage should be rendered properly 1`] = `
<div>
  <div
    class="StyledProps--font StyledProps--main StyledProps--padding-huge StyledProps--background-white"
    style="height: 100%;"
  >
    <h1
      class="StyledProps--font StyledProps--font-h1 StyledProps--main"
      style="font-size: 30px; font-weight: 700; color: rgb(34, 34, 42); line-height: 32px;"
    >
      cf.onboarding.title
      <p
        class="StyledProps--font StyledProps--main"
        style="font-weight: 400; font-size: 16px; line-height: 40px; color: rgb(79, 81, 98);"
      >
        cf.onboarding.subTitle
      </p>
    </h1>
    <div
      class="StyledProps--font StyledProps--main StyledProps--margin-top-xxxlarge"
    >
      <div
        class="StyledProps--font StyledProps--main basicImageContainer"
        style="display: grid; justify-content: center; padding: 0px;"
      >
        <img
          height="425"
          src="test-file-stub"
          title="featureFlagsText"
          width="1154"
        />
      </div>
    </div>
    <div
      class="StyledProps--font StyledProps--main StyledProps--margin-top-xxxlarge"
    >
      <h2
        class="StyledProps--font StyledProps--font-h2 StyledProps--main h2"
        level="2"
      >
        cf.onboarding.upAndRunning
      </h2>
      <div
        class="StyledProps--font StyledProps--main stepImageContainer"
        style="display: grid; justify-content: center; padding: 20px 0px 40px;"
      >
        <img
          class="stepsImage"
          height="125"
          src="test-file-stub"
          style="transform: scale(1.15);"
          title="featureFlagsText"
          width="1162"
        />
      </div>
    </div>
    <div
      class="StyledProps--font StyledProps--main"
      style="display: grid; justify-content: center;"
    >
      <button
        class="bp3-button bp3-large Button--button StyledProps--font StyledProps--main StyledProps--intent-primary Button--with-current-color Button--variation Button--variation-primary"
        style="font-weight: 700; width: 350px;"
        type="button"
      >
        <span
          class="bp3-button-text"
        >
          cf.onboarding.tryItOut
        </span>
      </button>
    </div>
  </div>
</div>
`;
