// Jest Snapshot v1, https://goo.gl/fbAQLP

exports[`SLOCardHeader Render sample card 1`] = `
<div>
  <div
    class="StyledProps--font StyledProps--main StyledProps--flex StyledProps--margin-bottom-medium"
  >
    <a
      href="/account/account_id/cv/orgs/org_identifier/projects/project_identifier/slos/slo_identifier"
    >
      <h2
        class="StyledProps--font StyledProps--font-h2 StyledProps--main StyledProps--font-variation-h4 StyledProps--color StyledProps--color-primary7"
        level="2"
      >
        Title
      </h2>
    </a>
    <span
      class="bp3-popover-wrapper"
    >
      <span
        class="bp3-popover-target"
      >
        <button
          class="bp3-button Button--button StyledProps--font StyledProps--main Button--with-current-color Button--iconOnly Button--withLeftIcon Button--variation Button--variation-icon"
          type="button"
        >
          <span
            class="bp3-icon StyledProps--main"
            data-icon="Options"
          >
            <svg
              fill="currentColor"
              height="16"
              viewBox="0 0 4 16"
              width="16"
              xmlns="http://www.w3.org/2000/svg"
            >
              <circle
                cx="2"
                cy="2"
                r="1.5"
              />
              <circle
                cx="2"
                cy="8"
                r="1.5"
              />
              <circle
                cx="2"
                cy="14"
                r="1.5"
              />
            </svg>
          </span>
        </button>
      </span>
    </span>
  </div>
  <div
    class="StyledProps--font StyledProps--main StyledProps--flex StyledProps--flex-alignItems-flex-start"
  >
    <div
      class="Layout--vertical Layout--layout-spacing-xsmall StyledProps--main"
      style="height: 130px;"
    >
      <div
        class="Layout--horizontal Layout--layout-spacing-xsmall StyledProps--main"
      >
        <div
          class="Text--withDocsTooltip"
          data-tooltip-id="slosMonitoredService"
        >
          <p
            class="StyledProps--font StyledProps--main StyledProps--font-variation-small StyledProps--color StyledProps--color-grey400"
            style="width: 100px;"
          >
            connectors.cdng.monitoredService.label
            :
          </p>
        </div>
        <a
          href="/account/account_id/cv/orgs/org_identifier/projects/project_identifier/monitoringservices/edit/monitored_service_identifier"
        >
          <p
            class="StyledProps--font StyledProps--main StyledProps--font-variation-small-bold StyledProps--color StyledProps--color-primary6"
          >
            serviceName
          </p>
          <p
            class="StyledProps--font StyledProps--main StyledProps--font-variation-small-bold StyledProps--color StyledProps--color-primary6"
          >
            env
          </p>
        </a>
      </div>
      <div
        class="Layout--horizontal Layout--layout-spacing-xsmall StyledProps--main"
      >
        <div
          class="Text--withDocsTooltip"
          data-tooltip-id="sliType"
        >
          <p
            class="StyledProps--font StyledProps--main StyledProps--font-variation-small StyledProps--color StyledProps--color-grey400"
            style="width: 100px;"
          >
            cv.slos.sliType
            :
          </p>
        </div>
        <p
          class="StyledProps--font StyledProps--main StyledProps--font-variation-small-bold StyledProps--color StyledProps--color-grey700"
        >
          Availability
        </p>
      </div>
      <div
        class="Layout--horizontal Layout--layout-spacing-xsmall StyledProps--main"
      >
        <div
          class="Text--withDocsTooltip"
          data-tooltip-id="slosHealthSource"
        >
          <p
            class="StyledProps--font StyledProps--main StyledProps--font-variation-small StyledProps--color StyledProps--color-grey400"
            style="width: 100px;"
          >
            cv.slos.healthSource
            :
          </p>
        </div>
        <p
          class="StyledProps--font StyledProps--main StyledProps--font-variation-small-bold StyledProps--color StyledProps--color-grey700"
        >
          Health Source Name
        </p>
      </div>
      <div
        class="Layout--horizontal Layout--layout-spacing-xsmall StyledProps--main"
      >
        <p
          class="StyledProps--font StyledProps--main StyledProps--font-variation-small StyledProps--color StyledProps--color-grey400"
          style="width: 100px;"
        >
          cv.slos.sloTargetAndBudget.periodType
          :
        </p>
        <p
          class="StyledProps--font StyledProps--main StyledProps--font-variation-small-bold StyledProps--color StyledProps--color-grey700"
        >
          Rolling
        </p>
      </div>
      <div
        class="Layout--horizontal Layout--layout-spacing-xsmall StyledProps--main"
      >
        <p
          class="StyledProps--font StyledProps--main StyledProps--font-variation-small StyledProps--color StyledProps--color-grey400"
          style="width: 100px;"
        >
          cv.periodLength
          :
        </p>
        <p
          class="StyledProps--font StyledProps--main StyledProps--font-variation-small-bold StyledProps--color StyledProps--color-grey700"
        >
          cv.nDays
        </p>
      </div>
      <div
        class="Layout--horizontal Layout--layout-spacing-xsmall StyledProps--main"
      />
    </div>
    <div
      class="Layout--horizontal Layout--layout-spacing-medium StyledProps--main"
    >
      <div
        class="StyledProps--font StyledProps--main sloGlanceCard StyledProps--background-grey100 StyledProps--padding-small"
        style="width: 120px;"
      >
        <div
          class="Text--withDocsTooltip"
          data-tooltip-id="burnRatePerDay"
        >
          <p
            class="StyledProps--font StyledProps--main StyledProps--font-variation-form-label"
          >
            cv.burnRatePerDay
          </p>
        </div>
        <h2
          class="StyledProps--font StyledProps--font-h2 StyledProps--main StyledProps--color StyledProps--color-grey800 StyledProps--font-variation-h4"
          level="2"
        >
          90.00
          %
        </h2>
      </div>
      <div
        class="StyledProps--font StyledProps--main sloGlanceCard StyledProps--background-grey100 StyledProps--padding-small"
        style="width: 120px;"
      >
        <div
          class="Text--withDocsTooltip"
          data-tooltip-id="timeRemaining"
        >
          <p
            class="StyledProps--font StyledProps--main StyledProps--font-variation-form-label"
          >
            cv.timeRemaining
          </p>
        </div>
        <h2
          class="StyledProps--font StyledProps--font-h2 StyledProps--main StyledProps--inline StyledProps--color StyledProps--color-grey800 StyledProps--font-variation-h4"
          level="2"
        >
          10
        </h2>
        <span
          class="StyledProps--font StyledProps--main StyledProps--inline StyledProps--font-variation-form-help"
        >
          cv.days
        </span>
      </div>
    </div>
  </div>
</div>
`;

exports[`SLOCardHeader it should successfully reset the error budget 1`] = `
<div
  class="bp3-dialog Dialog--dialog"
  style="min-width: max-content;"
>
  <div
    class="bp3-dialog-header"
  >
    <h4
      class="bp3-heading"
    >
      cv.resetErrorBudget
    </h4>
  </div>
  <span
    class="bp3-icon StyledProps--main Dialog--close"
    data-icon="Stroke"
  >
    <svg
      fill="none"
      height="15"
      width="15"
      xmlns="http://www.w3.org/2000/svg"
    >
      <path
        d="M1 .8l6 6 6-6-12 12 6-6 6 6"
        stroke="#8F90A6"
        stroke-linecap="round"
        stroke-linejoin="round"
      />
    </svg>
  </span>
  <div
    class="StyledProps--font StyledProps--main Dialog--children StyledProps--padding-none"
  >
    <div
      class="StyledProps--font StyledProps--main"
      style="width: 650px;"
    >
      <p
        class="StyledProps--font StyledProps--main StyledProps--font-variation-body StyledProps--color StyledProps--color-black"
      >
        cv.yourExistingErrorBudgetIs
         
        <span
          class="StyledProps--font StyledProps--main StyledProps--font-variation-body StyledProps--font-weight-bold"
          data-testid="existing-error-budget"
        >
          100
           
          cv.minutes
        </span>
        , 
        cv.andYouHave
         
        <span
          class="StyledProps--font StyledProps--main StyledProps--font-variation-body StyledProps--font-weight-bold StyledProps--color StyledProps--color-green500"
          data-testid="remaining-error-budget"
        >
          60
           
          cv.minutes
        </span>
         
        cv.left
        .
      </p>
      <p
        class="StyledProps--font StyledProps--main StyledProps--font-variation-body StyledProps--color StyledProps--color-black"
      >
        cv.adjustTheErrorBudgetToContinueWithDeployments
      </p>
      <div
        class="Accordion--accordion"
      >
        <div
          class="Accordion--panel"
          data-open="false"
          data-testid="error-budget-reset-history-panel"
        >
          <div
            class="Accordion--summary"
            data-testid="error-budget-reset-history-summary"
          >
            <div
              class=""
            >
              <p
                class="StyledProps--font StyledProps--main StyledProps--font-variation-body StyledProps--color StyledProps--color-primary7"
              >
                cv.previousErrorBudgetResetHistory
              </p>
            </div>
            <div
              class="Accordion--chevron"
            />
          </div>
          <div
            class="bp3-collapse Accordion--collapse"
          >
            <div
              aria-hidden="false"
              class="bp3-collapse-body"
              style="transform: translateY(-undefinedpx);"
            />
          </div>
        </div>
      </div>
      <div
        class="OverlaySpinner--overlaySpinner"
      >
        <form
          action="#"
          class="FormikForm--main"
        >
          <div>
            <div
              class="Layout--horizontal StyledProps--main"
            >
              <div
                class="StyledProps--font StyledProps--main StyledProps--padding-right-xxxlarge StyledProps--border StyledProps--border-right"
                style="width: 325px;"
              >
                <div
                  class="bp3-form-group"
                  data-id="errorBudgetIncrementMinutes-0"
                >
                  <label
                    class="bp3-label"
                    for="errorBudgetIncrementMinutes"
                  >
                    <span
                      class="Tooltip--acenter"
                      data-tooltip-id="errorBudgetReset_errorBudgetIncrementMinutes"
                    >
                      cv.increaseErrorBudgetBy
                    </span>
                     
                    <span
                      class="bp3-text-muted"
                    />
                  </label>
                  <div
                    class="bp3-form-content"
                  >
                    <div
                      class="bp3-input-group"
                    >
                      <input
                        autocomplete="off"
                        class="bp3-input"
                        min="1"
                        name="errorBudgetIncrementMinutes"
                        style="padding-right: 0px;"
                        type="number"
                        value="101"
                      />
                      <span
                        class="bp3-input-action"
                      >
                        <p
                          class="StyledProps--font StyledProps--main StyledProps--color StyledProps--color-grey600 StyledProps--font-variation-body StyledProps--padding-top-xsmall StyledProps--padding-right-small"
                        >
                          cv.minutes
                        </p>
                      </span>
                    </div>
                  </div>
                </div>
                <div
                  class="bp3-form-group"
                  data-id="reason-1"
                >
                  <label
                    class="bp3-label"
                    for="reason"
                  >
                    <span
                      class="Tooltip--acenter"
                      data-tooltip-id="errorBudgetReset_reason"
                    >
                      reason
                    </span>
                     
                    <span
                      class="bp3-text-muted"
                    />
                  </label>
                  <div
                    class="bp3-form-content"
                  >
                    <textarea
                      autocomplete="off"
                      class="bp3-input bp3-fill"
                      maxlength="1024"
                      name="reason"
                    >
                      REASON
                    </textarea>
                  </div>
                </div>
              </div>
              <div
                class="Layout--vertical Layout--layout-spacing-xxxlarge StyledProps--main"
              >
                <div>
                  <p
                    class="StyledProps--font StyledProps--main StyledProps--font-variation-form-label"
                  >
                    cv.updatedErrorBudget
                  </p>
                  <h2
                    class="StyledProps--font StyledProps--font-h2 StyledProps--main StyledProps--inline StyledProps--color StyledProps--color-grey800 StyledProps--font-variation-h4"
                    data-testid="updated-error-budget"
                    level="2"
                  >
                    201
                  </h2>
                  <span
                    class="StyledProps--font StyledProps--main StyledProps--inline StyledProps--font-variation-form-help"
                  >
                     
                    cv.mins
                  </span>
                </div>
                <div>
                  <p
                    class="StyledProps--font StyledProps--main StyledProps--font-variation-form-label"
                  >
                    cv.updatedRemainingErrorBudget
                  </p>
                  <h2
                    class="StyledProps--font StyledProps--font-h2 StyledProps--main StyledProps--inline StyledProps--color StyledProps--color-grey800 StyledProps--font-variation-h4"
                    data-testid="updated-remaining-error-budget"
                    level="2"
                  >
                    161
                  </h2>
                  <span
                    class="StyledProps--font StyledProps--main StyledProps--inline StyledProps--font-variation-form-help StyledProps--padding-right-small"
                  >
                     
                    cv.mins
                  </span>
                  <h2
                    class="StyledProps--font StyledProps--font-h2 StyledProps--main StyledProps--inline StyledProps--color StyledProps--color-grey800 StyledProps--font-variation-h4 StyledProps--border StyledProps--border-left StyledProps--padding-left-small"
                    data-testid="updated-remaining-error-budget-percentage"
                    level="2"
                  >
                    80.10
                  </h2>
                  <span
                    class="StyledProps--font StyledProps--main StyledProps--inline StyledProps--font-variation-form-help"
                  >
                     %
                  </span>
                </div>
              </div>
            </div>
            <div
              class="Layout--horizontal Layout--layout-spacing-small StyledProps--main StyledProps--margin-top-xxxlarge"
            >
              <button
                class="bp3-button Button--button StyledProps--font StyledProps--main Button--with-current-color Button--variation Button--variation-primary"
                type="submit"
              >
                <span
                  class="bp3-button-text"
                >
                  save
                </span>
              </button>
              <button
                class="bp3-button Button--button StyledProps--font StyledProps--main Button--with-current-color Button--variation Button--variation-tertiary"
                type="button"
              >
                <span
                  class="bp3-button-text"
                >
                  cancel
                </span>
              </button>
            </div>
          </div>
        </form>
      </div>
    </div>
  </div>
  <footer />
</div>
`;
