// Jest Snapshot v1, https://goo.gl/fbAQLP

exports[`<ExecutionStepDetails /> tests renders normal step 1`] = `
<div
  class="bp3-dialog"
  style="width: 900px; min-height: 240px; border-left: 0; padding-bottom: 0px; position: relative; overflow: hidden;"
>
  <div
    class="bp3-dialog-header"
  >
    <h4
      class="bp3-heading"
    >
      Common.logs.delegateSelectionLogs
    </h4>
    <button
      aria-label="Close"
      class="bp3-button bp3-minimal bp3-dialog-close-button"
      type="button"
    >
      <span
        class="bp3-icon bp3-icon-small-cross"
        icon="small-cross"
      >
        <svg
          data-icon="small-cross"
          height="20"
          viewBox="0 0 20 20"
          width="20"
        >
          <desc>
            small-cross
          </desc>
          <path
            d="M11.41 10l3.29-3.29c.19-.18.3-.43.3-.71a1.003 1.003 0 00-1.71-.71L10 8.59l-3.29-3.3a1.003 1.003 0 00-1.42 1.42L8.59 10 5.3 13.29c-.19.18-.3.43-.3.71a1.003 1.003 0 001.71.71l3.29-3.3 3.29 3.29c.18.19.43.3.71.3a1.003 1.003 0 00.71-1.71L11.41 10z"
            fill-rule="evenodd"
          />
        </svg>
      </span>
    </button>
  </div>
  <div
    class="Layout--vertical Layout--layout-spacing-xxlarge StyledProps--main main StyledProps--padding-large"
  >
    <div
      class="Layout--horizontal StyledProps--main"
      style="justify-content: space-between;"
    >
      <p
        class="StyledProps--font StyledProps--main"
      >
        <span>
          common.delegateForTask
        </span>
      </p>
      <div
        class="Layout--horizontal StyledProps--main"
        style="justify-content: space-between;"
      >
        <p
          class="StyledProps--font StyledProps--main StyledProps--font-weight-bold"
          style="white-space: pre;"
        >
          taskId 
        </p>
        <p
          class="StyledProps--font StyledProps--main"
        >
          taskId
        </p>
      </div>
    </div>
    <div
      class="bp3-card bp3-elevation-0 Card--card card"
    >
      <div
        class="TableV2--table"
      >
        <div
          class="TableV2--header"
          role="row"
        >
          <div
            class="TableV2--cell"
            colspan="1"
            role="columnheader"
            style="width: 20%;"
          >
            <p
              class="StyledProps--font StyledProps--main StyledProps--font-variation-table-headers"
            >
              ASSESSMENT
            </p>
          </div>
          <div
            class="TableV2--cell"
            colspan="1"
            role="columnheader"
            style="width: 80%;"
          >
            <p
              class="StyledProps--font StyledProps--main StyledProps--font-variation-table-headers"
            >
              DETAILS
            </p>
          </div>
        </div>
        <div
          class="TableV2--body"
        >
          <div
            class="TableV2--row TableV2--card"
            role="row"
          >
            <div
              class="TableV2--cells"
            >
              <div
                class="TableV2--cell"
                role="cell"
                style="width: 20%;"
              >
                <p
                  class="StyledProps--font StyledProps--main"
                  style="display: flex; align-items: center;"
                >
                  Selected
                  <span
                    class="bp3-icon bp3-icon-tick StyledProps--main Text--icon StyledProps--padding-left-xsmall StyledProps--color StyledProps--color-green500"
                    icon="tick"
                  >
                    <svg
                      data-icon="tick"
                      height="16"
                      viewBox="0 0 16 16"
                      width="16"
                    >
                      <desc>
                        tick
                      </desc>
                      <path
                        d="M14 3c-.28 0-.53.11-.71.29L6 10.59l-3.29-3.3a1.003 1.003 0 00-1.42 1.42l4 4c.18.18.43.29.71.29s.53-.11.71-.29l8-8A1.003 1.003 0 0014 3z"
                        fill-rule="evenodd"
                      />
                    </svg>
                  </span>
                </p>
              </div>
              <div
                class="TableV2--cell"
                role="cell"
                style="width: 80%;"
              >
                <div
                  class="Layout--vertical Layout--layout-spacing-xsmall StyledProps--main StyledProps--padding-medium"
                  data-testid="Delegate assigned for task execution"
                  style="padding-left: 0px;"
                >
                  <p
                    class="StyledProps--font StyledProps--main StyledProps--color StyledProps--color-grey800"
                  >
                    Delegate assigned for task execution
                  </p>
                  <p
                    class="StyledProps--font Text--lineclamp StyledProps--main StyledProps--color StyledProps--color-grey400 StyledProps--font-small"
                    style="--text-line-clamp: 1;"
                  >
                    <span>
                      loggedAt
                    </span>
                  </p>
                </div>
              </div>
            </div>
          </div>
          <div
            class="TableV2--row TableV2--card"
            role="row"
          >
            <div
              class="TableV2--cells"
            >
              <div
                class="TableV2--cell"
                role="cell"
                style="width: 20%;"
              >
                <p
                  class="StyledProps--font StyledProps--main"
                >
                  Accepted
                </p>
              </div>
              <div
                class="TableV2--cell"
                role="cell"
                style="width: 80%;"
              >
                <div
                  class="Layout--vertical Layout--layout-spacing-xsmall StyledProps--main StyledProps--padding-medium"
                  data-testid="Successfully matched required delegate capabilities"
                  style="padding-left: 0px;"
                >
                  <p
                    class="StyledProps--font StyledProps--main StyledProps--color StyledProps--color-grey800"
                  >
                    Successfully matched required delegate capabilities
                  </p>
                  <p
                    class="StyledProps--font Text--lineclamp StyledProps--main StyledProps--color StyledProps--color-grey400 StyledProps--font-small"
                    style="--text-line-clamp: 1;"
                  >
                    <span>
                      loggedAt
                    </span>
                  </p>
                </div>
              </div>
            </div>
          </div>
        </div>
      </div>
    </div>
  </div>
</div>
`;
