// Jest Snapshot v1, https://goo.gl/fbAQLP

exports[`BillingContact render 1`] = `
<div>
  <div
    class="bp3-card bp3-elevation-0 Card--card"
  >
    <div
      class="Layout--vertical Layout--layout-spacing-large StyledProps--main"
    >
      <p
        class="StyledProps--font StyledProps--main StyledProps--font-variation-h5"
      >
        authSettings.billingInfo.billingContact
      </p>
      <div
        class="Layout--vertical Layout--layout-spacing-large StyledProps--main"
      >
        <div
          class="Layout--horizontal StyledProps--main"
        >
          <div
            class="Layout--vertical Layout--layout-spacing-small StyledProps--main StyledProps--padding-right-large"
            style="width: 30%;"
          >
            <p
              class="StyledProps--font StyledProps--main"
            >
              common.headerCompanyName
            </p>
            <div
              class="TextInput--main"
            >
              <div
                class="bp3-input-group"
              >
                <input
                  class="bp3-input"
                  data-testid="companyName"
                  type="text"
                  value="Harness"
                />
              </div>
            </div>
          </div>
          <div
            class="Layout--vertical StyledProps--main"
            style="width: 70%;"
          >
            <p
              class="StyledProps--font StyledProps--main StyledProps--padding-bottom-small"
            >
              email
            </p>
            <div
              class="TextInput--main"
            >
              <div
                class="bp3-input-group"
              >
                <input
                  class="bp3-input"
                  data-testid="email"
                  type="text"
                  value="harness@harness.io"
                />
              </div>
            </div>
            <p
              class="StyledProps--font StyledProps--main warning StyledProps--padding-small StyledProps--margin-bottom-small"
              style="display: flex; align-items: center;"
            >
              <span
                class="bp3-icon StyledProps--main Text--icon StyledProps--padding-right-xsmall StyledProps--color StyledProps--color-primary7"
                data-icon="info"
              >
                <svg
                  height="16"
                  viewBox="0 0 12 12"
                  width="16"
                  xmlns="http://www.w3.org/2000/svg"
                >
                  <path
                    clip-rule="evenodd"
                    d="M0 6a6 6 0 1012 0A6 6 0 000 6zm.75 0a5.25 5.25 0 1010.5 0A5.25 5.25 0 00.75 6zm4.206 3.104v.646h2.682v-.646l-.836-.144V4.203H4.956v.65l.836.144V8.96l-.836.144zm1.846-7.352v1.03h-1.01v-1.03h1.01z"
                    fill-rule="evenodd"
                  />
                </svg>
              </span>
              authSettings.billingInfo.emailWarning
            </p>
          </div>
        </div>
        <div
          class="Layout--horizontal StyledProps--main"
        >
          <div
            class="Layout--vertical Layout--layout-spacing-small StyledProps--main StyledProps--padding-right-large"
            style="width: 30%;"
          >
            <p
              class="StyledProps--font StyledProps--main"
            >
              common.countryOrRegion
            </p>
            <div
              class="bp3-popover-wrapper DropDown--main"
            >
              <div
                class="bp3-popover-target"
              >
                <div
                  class=""
                >
                  <div
                    class="Layout--horizontal StyledProps--main DropDown--dropdownButton DropDown--withBorder DropDown--minWidth StyledProps--flex"
                    data-testid="countryOrRegion"
                    style="min-width: 130px;"
                  >
                    <div
                      class="Layout--horizontal StyledProps--main DropDown--labelWrapper StyledProps--flex"
                    >
                      <p
                        class="StyledProps--font Text--lineclamp StyledProps--main DropDown--label"
                        data-testid="dropdown-value"
                        style="--text-line-clamp: 1;"
                      >
                        US
                      </p>
                    </div>
                    <div
                      class="Layout--horizontal StyledProps--main DropDown--btnWrapper StyledProps--flex"
                    >
                      <span
                        class="bp3-icon StyledProps--main StyledProps--color StyledProps--color-grey400"
                        data-icon="main-chevron-down"
                      >
                        <svg
                          height="8"
                          viewBox="0 0 14 8"
                          width="8"
                          xmlns="http://www.w3.org/2000/svg"
                        >
                          <path
                            d="M13 0c-.3 0-.5.1-.7.3L7 5.6 1.7.3C1.5.1 1.3 0 1 0 .4 0 0 .4 0 1c0 .3.1.5.3.7l6 6c.2.2.4.3.7.3s.5-.1.7-.3l6-6c.2-.2.3-.4.3-.7 0-.6-.4-1-1-1z"
                            fill="#4d5969"
                          />
                        </svg>
                      </span>
                    </div>
                  </div>
                </div>
              </div>
            </div>
          </div>
          <div
            class="Layout--vertical StyledProps--main"
            style="width: 70%;"
          >
            <p
              class="StyledProps--font StyledProps--main StyledProps--padding-bottom-small"
            >
              common.billingAddress
            </p>
            <div
              class="TextInput--main"
            >
              <div
                class="bp3-input-group"
              >
                <input
                  class="bp3-input"
                  data-testid="billingAddress"
                  type="text"
                  value="billing address 1"
                />
              </div>
            </div>
          </div>
        </div>
        <div
          class="Layout--horizontal StyledProps--main"
        >
          <div
            class="Layout--vertical Layout--layout-spacing-small StyledProps--main StyledProps--padding-right-large"
            style="width: 30%;"
          >
            <p
              class="StyledProps--font StyledProps--main"
            >
              common.city
            </p>
            <div
              class="TextInput--main"
            >
              <div
                class="bp3-input-group"
              >
                <input
                  class="bp3-input"
                  data-testid="city"
                  type="text"
                  value="dallas"
                />
              </div>
            </div>
          </div>
          <div
            class="Layout--horizontal StyledProps--main StyledProps--flex StyledProps--flex-justifyContent-space-between StyledProps--flex-alignItems-baseline"
            style="width: 70%;"
          >
            <div
              class="Layout--vertical Layout--layout-spacing-small StyledProps--main"
            >
              <p
                class="StyledProps--font StyledProps--main"
              >
                common.state
              </p>
              <div
                class="bp3-popover-wrapper DropDown--main"
              >
                <div
                  class="bp3-popover-target"
                >
                  <div
                    class=""
                  >
                    <div
                      class="Layout--horizontal StyledProps--main DropDown--dropdownButton DropDown--withBorder DropDown--minWidth StyledProps--flex"
                      data-testid="state"
                      style="min-width: 130px;"
                    >
                      <div
                        class="Layout--horizontal StyledProps--main DropDown--labelWrapper StyledProps--flex"
                      >
                        <p
                          class="StyledProps--font Text--lineclamp StyledProps--main DropDown--label"
                          data-testid="dropdown-value"
                          style="--text-line-clamp: 1;"
                        >
                          Select
                        </p>
                      </div>
                      <div
                        class="Layout--horizontal StyledProps--main DropDown--btnWrapper StyledProps--flex"
                      >
                        <span
                          class="bp3-icon StyledProps--main StyledProps--color StyledProps--color-grey400"
                          data-icon="main-chevron-down"
                        >
                          <svg
                            height="8"
                            viewBox="0 0 14 8"
                            width="8"
                            xmlns="http://www.w3.org/2000/svg"
                          >
                            <path
                              d="M13 0c-.3 0-.5.1-.7.3L7 5.6 1.7.3C1.5.1 1.3 0 1 0 .4 0 0 .4 0 1c0 .3.1.5.3.7l6 6c.2.2.4.3.7.3s.5-.1.7-.3l6-6c.2-.2.3-.4.3-.7 0-.6-.4-1-1-1z"
                              fill="#4d5969"
                            />
                          </svg>
                        </span>
                      </div>
                    </div>
                  </div>
                </div>
              </div>
            </div>
            <div
              class="Layout--vertical Layout--layout-spacing-small StyledProps--main"
            >
              <p
                class="StyledProps--font StyledProps--main"
              >
                common.zipCode
              </p>
              <div
                class="TextInput--main"
              >
                <div
                  class="bp3-input-group"
                >
                  <input
                    class="bp3-input"
                    data-testid="zipCode"
                    type="text"
                    value="12345"
                  />
                </div>
              </div>
            </div>
          </div>
        </div>
      </div>
    </div>
  </div>
</div>
`;
